[backblue.gif]
[fade.gif]
[index.html]
[infludeo-post.s3.amazonaws.com/staticfiles/img/html/home/home_banner_11.jpg]
[infludeo-post.s3.amazonaws.com/staticfiles/img/html/home/home_banner_10.jpg]
[infludeo-post.s3.amazonaws.com/staticfiles/img/html/home/home_banner_8.jpg]
[infludeo-post.s3.amazonaws.com/staticfiles/img/html/home/home_banner_9.jpg]
[infludeo-post.s3.amazonaws.com/staticfiles/img/html/home/home_banner_7.jpg]
[infludeo-post.s3.amazonaws.com/staticfiles/img/html/home/home_banner_11_m.jpg]
[infludeo-post.s3.amazonaws.com/staticfiles/img/html/home/home_banner_10_m.jpg]
[infludeo-post.s3.amazonaws.com/staticfiles/img/html/home/home_banner_8_m.jpg]
[infludeo-post.s3.amazonaws.com/staticfiles/img/html/home/home_banner_9_m.jpg]
[infludeo-post.s3.amazonaws.com/staticfiles/img/html/home/home_banner_7_m.jpg]
[infludeo-post.s3.amazonaws.com/staticfiles/img/html/home/home_ent_pf_15.jpg]
[infludeo-post.s3.amazonaws.com/staticfiles/img/html/home/home_ent_pf_13.jpg]
[infludeo-post.s3.amazonaws.com/staticfiles/img/html/home/home_ent_pf_14.jpg]
[infludeo-post.s3.amazonaws.com/staticfiles/img/html/home/home_ent_pf_9.jpg]
[infludeo-post.s3.amazonaws.com/staticfiles/img/html/home/home_ent_pf_16.jpg]
[infludeo-post.s3.amazonaws.com/staticfiles/img/html/home/home_ent_15.jpg]
[infludeo-post.s3.amazonaws.com/staticfiles/img/html/home/home_ent_13.jpg]
[infludeo-post.s3.amazonaws.com/staticfiles/img/html/home/home_ent_14.jpg]
[infludeo-post.s3.amazonaws.com/staticfiles/img/html/home/home_ent_9.jpg]
[infludeo-post.s3.amazonaws.com/staticfiles/img/html/home/home_ent_16.jpg]
[infludeo-post.s3.amazonaws.com/staticfiles/img/logo/logo_new_wh.png]
[infludeo-post.s3.amazonaws.com/staticfiles/vendor/bootstrap/bootstrap.min.js]
[infludeo-post.s3.amazonaws.com/staticfiles/js/hs.core.js]
[infludeo-post.s3.amazonaws.com/staticfiles/js/helpers/hs.hamburgers.js]
[infludeo-post.s3.amazonaws.com/staticfiles/js/components/hs.header.js]
[infludeo-post.s3.amazonaws.com/staticfiles/vendor/hs-megamenu/src/hs.megamenu.js]
[infludeo-post.s3.amazonaws.com/staticfiles/js/components/hs.popup.js]
[infludeo-post.s3.amazonaws.com/staticfiles/vendor/slick-carousel/slick/slick.js]
[infludeo-post.s3.amazonaws.com/staticfiles/js/custom.js]
[posttest-env.eba-wgz2p776.ap-northeast-2.elasticbeanstalk.com/main.html]
[wcs.naver.net/wcslog.js]
[infludeo-post.s3.amazonaws.com/staticfiles/vendor/bootstrap/bootstrap.min.css]
[infludeo-post.s3.amazonaws.com/staticfiles/css/unify-core.css]
[infludeo-post.s3.amazonaws.com/staticfiles/css/unify-components.css]
[infludeo-post.s3.amazonaws.com/staticfiles/css/unify-globals.css]
[infludeo-post.s3.amazonaws.com/staticfiles/vendor/hamburgers/hamburgers.min.css]
[infludeo-post.s3.amazonaws.com/staticfiles/vendor/hs-megamenu/src/hs.megamenu.css]
[infludeo-post.s3.amazonaws.com/staticfiles/css/custom.css]
[infludeo-post.s3.amazonaws.com/staticfiles/vendor/icon-awesome/css/font-awesome.min.css]
[infludeo-post.s3.amazonaws.com/staticfiles/vendor/icon-line/css/simple-line-icons.css]
[infludeo-post.s3.amazonaws.com/staticfiles/vendor/icon-hs/fonts/hs-icons8cb0.ttf]
[infludeo-post.s3.amazonaws.com/staticfiles/vendor/icon-hs/fonts/hs-icons8cb0.woff]
[infludeo-post.s3.amazonaws.com/staticfiles/vendor/icon-hs/style.css]
[infludeo-post.s3.amazonaws.com/staticfiles/vendor/animate.css]
[infludeo-post.s3.amazonaws.com/staticfiles/vendor/slick-carousel/slick/slick.css]
[infludeo-post.s3.amazonaws.com/staticfiles/vendor/slick-carousel/slick/ajax-loader.gif]
[infludeo-post.s3.amazonaws.com/staticfiles/vendor/slick-carousel/slick/fonts/slick.eot]
[infludeo-post.s3.amazonaws.com/staticfiles/vendor/slick-carousel/slick/fonts/slickd41d.eot]
[infludeo-post.s3.amazonaws.com/staticfiles/vendor/slick-carousel/slick/fonts/slick.woff]
[infludeo-post.s3.amazonaws.com/staticfiles/vendor/slick-carousel/slick/fonts/slick.ttf]
[infludeo-post.s3.amazonaws.com/staticfiles/vendor/slick-carousel/slick/slick-theme.css]
[connect.facebook.net/en_US/fbevents.js]
[infludeo-post.s3.amazonaws.com/staticfiles/img/logo/logo_new_bk.png]
[infludeo-post.s3.amazonaws.com/staticfiles/img/logo/logo_new_m.png]
[infludeo-post.s3.amazonaws.com/staticfiles/img/html/influencer/influencer_list_bg.png]
[infludeo-post.s3.amazonaws.com/media/images/influencer/2021/05/13/al-pf.jpg]
[infludeo-post.s3.amazonaws.com/staticfiles/js/components/hs.tabs.js]
[posttest-env.eba-wgz2p776.ap-northeast-2.elasticbeanstalk.com/influencer/list/all.html]
[infludeo-post.s3.amazonaws.com/staticfiles/img/html/login/facebook.png]
[infludeo-post.s3.amazonaws.com/staticfiles/img/html/login/google.png]
[infludeo-post.s3.amazonaws.com/staticfiles/img/html/login/twitter.png]
[infludeo-post.s3.amazonaws.com/staticfiles/img/html/login/naver.png]
[posttest-env.eba-wgz2p776.ap-northeast-2.elasticbeanstalk.com/account/login/indexeb49.html]
[posttest-env.eba-wgz2p776.ap-northeast-2.elasticbeanstalk.com/payment/credit.html]
[posttest-env.eba-wgz2p776.ap-northeast-2.elasticbeanstalk.com/jongup.html]
[posttest-env.eba-wgz2p776.ap-northeast-2.elasticbeanstalk.com/dreamnote.html]
[posttest-env.eba-wgz2p776.ap-northeast-2.elasticbeanstalk.com/ailee.html]
[infludeo-post.s3.amazonaws.com/staticfiles/img/html/entertainer/ent_list_bg.png]
[posttest-env.eba-wgz2p776.ap-northeast-2.elasticbeanstalk.com/talent/list/all.html]
[posttest-env.eba-wgz2p776.ap-northeast-2.elasticbeanstalk.com/blog/terms.html]
[posttest-env.eba-wgz2p776.ap-northeast-2.elasticbeanstalk.com/blog/privacy.html]
[posttest-env.eba-wgz2p776.ap-northeast-2.elasticbeanstalk.com/blog/post.html]
[posttest-env.eba-wgz2p776.ap-northeast-2.elasticbeanstalk.com/blog/faq/all.html]
[posttest-env.eba-wgz2p776.ap-northeast-2.elasticbeanstalk.com/account/login/indexd103.html]
[posttest-env.eba-wgz2p776.ap-northeast-2.elasticbeanstalk.com/index.html]
[infludeo-post.s3.amazonaws.com/staticfiles/vendor/icon-hs/fonts/hs-icons8cb0.svg]
[infludeo-post.s3.amazonaws.com/staticfiles/vendor/slick-carousel/slick/fonts/slick.svg]
[posttest-env.eba-wgz2p776.ap-northeast-2.elasticbeanstalk.com/account/login/indexb9d6.html]
[posttest-env.eba-wgz2p776.ap-northeast-2.elasticbeanstalk.com/influencer/list/All-2.html]
[posttest-env.eba-wgz2p776.ap-northeast-2.elasticbeanstalk.com/influencer/list/Singer.html]
[posttest-env.eba-wgz2p776.ap-northeast-2.elasticbeanstalk.com/influencer/list/YouTube.html]
[infludeo-post.s3.amazonaws.com/staticfiles/img/html/bg_video_messages.jpg]
[infludeo-post.s3.amazonaws.com/media/images/influencer/2021/05/13/al-bg.jpg]
[infludeo-post.s3.amazonaws.com/staticfiles/img/html/icon_insatagram.png]
[infludeo-post.s3.amazonaws.com/staticfiles/img/html/icon_youtube.png]
[infludeo-post.s3.amazonaws.com/staticfiles/img/html/icon_mark_3.png]
[infludeo-post.s3.amazonaws.com/staticfiles/img/html/profile_cover.png]
[infludeo-post.s3.amazonaws.com/staticfiles/img/html/icon_star.png]
[posttest-env.eba-wgz2p776.ap-northeast-2.elasticbeanstalk.com/star/ailee.html]
[posttest-env.eba-wgz2p776.ap-northeast-2.elasticbeanstalk.com/account/login/indexd3b2.html]
[posttest-env.eba-wgz2p776.ap-northeast-2.elasticbeanstalk.com/account/password_reset/index.html]
[infludeo-post.s3.amazonaws.com/staticfiles/js/verification.js]
[posttest-env.eba-wgz2p776.ap-northeast-2.elasticbeanstalk.com/member/signup.html]
[posttest-env.eba-wgz2p776.ap-northeast-2.elasticbeanstalk.com/account/login/index3570.html]
[posttest-env.eba-wgz2p776.ap-northeast-2.elasticbeanstalk.com/account/login/indexc0ef.html]
[posttest-env.eba-wgz2p776.ap-northeast-2.elasticbeanstalk.com/account/login/indexcae5.html]
[posttest-env.eba-wgz2p776.ap-northeast-2.elasticbeanstalk.com/account/login/index02b8.html]
[posttest-env.eba-wgz2p776.ap-northeast-2.elasticbeanstalk.com/account/login/indexe733.html]
[posttest-env.eba-wgz2p776.ap-northeast-2.elasticbeanstalk.com/account/login/indexa60b.html]
[posttest-env.eba-wgz2p776.ap-northeast-2.elasticbeanstalk.com/blog/faq/video.html]
[posttest-env.eba-wgz2p776.ap-northeast-2.elasticbeanstalk.com/blog/faq/onlyu.html]
[posttest-env.eba-wgz2p776.ap-northeast-2.elasticbeanstalk.com/blog/faq/letter.html]
[posttest-env.eba-wgz2p776.ap-northeast-2.elasticbeanstalk.com/blog/faq/level.html]
[posttest-env.eba-wgz2p776.ap-northeast-2.elasticbeanstalk.com/blog/faq/payment.html]
[posttest-env.eba-wgz2p776.ap-northeast-2.elasticbeanstalk.com/blog/faq/cancel.html]
[posttest-env.eba-wgz2p776.ap-northeast-2.elasticbeanstalk.com/account/login/index067e.html]
[posttest-env.eba-wgz2p776.ap-northeast-2.elasticbeanstalk.com/account/login/index67e7.html]
[posttest-env.eba-wgz2p776.ap-northeast-2.elasticbeanstalk.com/account/login/index1faa.html]
[posttest-env.eba-wgz2p776.ap-northeast-2.elasticbeanstalk.com/account/login/indexd8d9.html]
[posttest-env.eba-wgz2p776.ap-northeast-2.elasticbeanstalk.com/account/login/index5e3e.html]
[posttest-env.eba-wgz2p776.ap-northeast-2.elasticbeanstalk.com/celeb/community/1.html]
[posttest-env.eba-wgz2p776.ap-northeast-2.elasticbeanstalk.com/account/login/index.html]
[posttest-env.eba-wgz2p776.ap-northeast-2.elasticbeanstalk.com/account/login/indexabb1.html]
[posttest-env.eba-wgz2p776.ap-northeast-2.elasticbeanstalk.com/account/login/indexb14e.html]
[posttest-env.eba-wgz2p776.ap-northeast-2.elasticbeanstalk.com/account/login/indexb301.html]
[posttest-env.eba-wgz2p776.ap-northeast-2.elasticbeanstalk.com/account/login/indexad5f.html]
[posttest-env.eba-wgz2p776.ap-northeast-2.elasticbeanstalk.com/account/login/indexd916.html]
[posttest-env.eba-wgz2p776.ap-northeast-2.elasticbeanstalk.com/account/login/indexce1d.html]
[posttest-env.eba-wgz2p776.ap-northeast-2.elasticbeanstalk.com/account/login/index700d.html]
[posttest-env.eba-wgz2p776.ap-northeast-2.elasticbeanstalk.com/account/login/indexd1fd.html]
[posttest-env.eba-wgz2p776.ap-northeast-2.elasticbeanstalk.com/account/login/indexbcd7.html]
[posttest-env.eba-wgz2p776.ap-northeast-2.elasticbeanstalk.com/accounts/facebook/login/index0c29.html]
[posttest-env.eba-wgz2p776.ap-northeast-2.elasticbeanstalk.com/accounts/google/login/index0c29.html]
[posttest-env.eba-wgz2p776.ap-northeast-2.elasticbeanstalk.com/accounts/twitter/login/index0c29.html]
[posttest-env.eba-wgz2p776.ap-northeast-2.elasticbeanstalk.com/accounts/naver/login/index0c29.html]
[posttest-env.eba-wgz2p776.ap-northeast-2.elasticbeanstalk.com/accounts/facebook/login/indexf2e0.html]
[posttest-env.eba-wgz2p776.ap-northeast-2.elasticbeanstalk.com/accounts/google/login/indexf2e0.html]
[posttest-env.eba-wgz2p776.ap-northeast-2.elasticbeanstalk.com/accounts/twitter/login/indexf2e0.html]
[posttest-env.eba-wgz2p776.ap-northeast-2.elasticbeanstalk.com/accounts/naver/login/indexf2e0.html]
[posttest-env.eba-wgz2p776.ap-northeast-2.elasticbeanstalk.com/accounts/facebook/login/index1e39.html]
[posttest-env.eba-wgz2p776.ap-northeast-2.elasticbeanstalk.com/accounts/google/login/index1e39.html]
[posttest-env.eba-wgz2p776.ap-northeast-2.elasticbeanstalk.com/accounts/twitter/login/index1e39.html]
[posttest-env.eba-wgz2p776.ap-northeast-2.elasticbeanstalk.com/accounts/naver/login/index1e39.html]
[posttest-env.eba-wgz2p776.ap-northeast-2.elasticbeanstalk.com/accounts/facebook/login/indexc199.html]
[posttest-env.eba-wgz2p776.ap-northeast-2.elasticbeanstalk.com/accounts/google/login/indexc199.html]
[posttest-env.eba-wgz2p776.ap-northeast-2.elasticbeanstalk.com/accounts/twitter/login/indexc199.html]
[posttest-env.eba-wgz2p776.ap-northeast-2.elasticbeanstalk.com/accounts/naver/login/indexc199.html]
[posttest-env.eba-wgz2p776.ap-northeast-2.elasticbeanstalk.com/accounts/facebook/login/index2aaf.html]
[posttest-env.eba-wgz2p776.ap-northeast-2.elasticbeanstalk.com/accounts/google/login/index2aaf.html]
[posttest-env.eba-wgz2p776.ap-northeast-2.elasticbeanstalk.com/accounts/twitter/login/index2aaf.html]
[posttest-env.eba-wgz2p776.ap-northeast-2.elasticbeanstalk.com/accounts/naver/login/index2aaf.html]
[posttest-env.eba-wgz2p776.ap-northeast-2.elasticbeanstalk.com/accounts/facebook/login/indexaefa.html]
[posttest-env.eba-wgz2p776.ap-northeast-2.elasticbeanstalk.com/accounts/google/login/indexaefa.html]
[posttest-env.eba-wgz2p776.ap-northeast-2.elasticbeanstalk.com/accounts/twitter/login/indexaefa.html]
[posttest-env.eba-wgz2p776.ap-northeast-2.elasticbeanstalk.com/accounts/naver/login/indexaefa.html]
[posttest-env.eba-wgz2p776.ap-northeast-2.elasticbeanstalk.com/accounts/facebook/login/index41ad.html]
[posttest-env.eba-wgz2p776.ap-northeast-2.elasticbeanstalk.com/accounts/google/login/index41ad.html]
[posttest-env.eba-wgz2p776.ap-northeast-2.elasticbeanstalk.com/accounts/twitter/login/index41ad.html]
[posttest-env.eba-wgz2p776.ap-northeast-2.elasticbeanstalk.com/accounts/naver/login/index41ad.html]
[posttest-env.eba-wgz2p776.ap-northeast-2.elasticbeanstalk.com/accounts/facebook/login/indexedfe.html]
[posttest-env.eba-wgz2p776.ap-northeast-2.elasticbeanstalk.com/accounts/google/login/indexedfe.html]
[posttest-env.eba-wgz2p776.ap-northeast-2.elasticbeanstalk.com/accounts/twitter/login/indexedfe.html]
[posttest-env.eba-wgz2p776.ap-northeast-2.elasticbeanstalk.com/accounts/naver/login/indexedfe.html]
[posttest-env.eba-wgz2p776.ap-northeast-2.elasticbeanstalk.com/accounts/facebook/login/indexfef7.html]
[posttest-env.eba-wgz2p776.ap-northeast-2.elasticbeanstalk.com/accounts/google/login/indexfef7.html]
[posttest-env.eba-wgz2p776.ap-northeast-2.elasticbeanstalk.com/accounts/twitter/login/indexfef7.html]
[posttest-env.eba-wgz2p776.ap-northeast-2.elasticbeanstalk.com/accounts/naver/login/indexfef7.html]
[posttest-env.eba-wgz2p776.ap-northeast-2.elasticbeanstalk.com/accounts/facebook/login/index3339.html]
[posttest-env.eba-wgz2p776.ap-northeast-2.elasticbeanstalk.com/accounts/google/login/index3339.html]
[posttest-env.eba-wgz2p776.ap-northeast-2.elasticbeanstalk.com/accounts/twitter/login/index3339.html]
[posttest-env.eba-wgz2p776.ap-northeast-2.elasticbeanstalk.com/accounts/naver/login/index3339.html]
[posttest-env.eba-wgz2p776.ap-northeast-2.elasticbeanstalk.com/accounts/facebook/login/index3615.html]
[posttest-env.eba-wgz2p776.ap-northeast-2.elasticbeanstalk.com/accounts/google/login/index3615.html]
[posttest-env.eba-wgz2p776.ap-northeast-2.elasticbeanstalk.com/accounts/twitter/login/index3615.html]
[posttest-env.eba-wgz2p776.ap-northeast-2.elasticbeanstalk.com/accounts/naver/login/index3615.html]
[posttest-env.eba-wgz2p776.ap-northeast-2.elasticbeanstalk.com/accounts/facebook/login/index6fa4.html]
[posttest-env.eba-wgz2p776.ap-northeast-2.elasticbeanstalk.com/accounts/google/login/index6fa4.html]
[posttest-env.eba-wgz2p776.ap-northeast-2.elasticbeanstalk.com/accounts/twitter/login/index6fa4.html]
[posttest-env.eba-wgz2p776.ap-northeast-2.elasticbeanstalk.com/accounts/naver/login/index6fa4.html]
[posttest-env.eba-wgz2p776.ap-northeast-2.elasticbeanstalk.com/accounts/facebook/login/indexa9af.html]
[posttest-env.eba-wgz2p776.ap-northeast-2.elasticbeanstalk.com/accounts/google/login/indexa9af.html]
[posttest-env.eba-wgz2p776.ap-northeast-2.elasticbeanstalk.com/accounts/twitter/login/indexa9af.html]
[posttest-env.eba-wgz2p776.ap-northeast-2.elasticbeanstalk.com/accounts/naver/login/indexa9af.html]
[posttest-env.eba-wgz2p776.ap-northeast-2.elasticbeanstalk.com/accounts/facebook/login/index98f5.html]
[posttest-env.eba-wgz2p776.ap-northeast-2.elasticbeanstalk.com/accounts/google/login/index98f5.html]
[posttest-env.eba-wgz2p776.ap-northeast-2.elasticbeanstalk.com/accounts/twitter/login/index98f5.html]
[posttest-env.eba-wgz2p776.ap-northeast-2.elasticbeanstalk.com/accounts/naver/login/index98f5.html]
[posttest-env.eba-wgz2p776.ap-northeast-2.elasticbeanstalk.com/accounts/facebook/login/index76fd.html]
[posttest-env.eba-wgz2p776.ap-northeast-2.elasticbeanstalk.com/accounts/google/login/index76fd.html]
[posttest-env.eba-wgz2p776.ap-northeast-2.elasticbeanstalk.com/accounts/twitter/login/index76fd.html]
[posttest-env.eba-wgz2p776.ap-northeast-2.elasticbeanstalk.com/accounts/naver/login/index76fd.html]
[posttest-env.eba-wgz2p776.ap-northeast-2.elasticbeanstalk.com/accounts/facebook/login/index.html]
[posttest-env.eba-wgz2p776.ap-northeast-2.elasticbeanstalk.com/accounts/google/login/index.html]
[posttest-env.eba-wgz2p776.ap-northeast-2.elasticbeanstalk.com/accounts/twitter/login/index.html]
[posttest-env.eba-wgz2p776.ap-northeast-2.elasticbeanstalk.com/accounts/naver/login/index.html]
[posttest-env.eba-wgz2p776.ap-northeast-2.elasticbeanstalk.com/accounts/facebook/login/index5549.html]
[posttest-env.eba-wgz2p776.ap-northeast-2.elasticbeanstalk.com/accounts/google/login/index5549.html]
[posttest-env.eba-wgz2p776.ap-northeast-2.elasticbeanstalk.com/accounts/twitter/login/index5549.html]
[posttest-env.eba-wgz2p776.ap-northeast-2.elasticbeanstalk.com/accounts/naver/login/index5549.html]
[posttest-env.eba-wgz2p776.ap-northeast-2.elasticbeanstalk.com/accounts/facebook/login/index378a.html]
[posttest-env.eba-wgz2p776.ap-northeast-2.elasticbeanstalk.com/accounts/google/login/index378a.html]
[posttest-env.eba-wgz2p776.ap-northeast-2.elasticbeanstalk.com/accounts/twitter/login/index378a.html]
[posttest-env.eba-wgz2p776.ap-northeast-2.elasticbeanstalk.com/accounts/naver/login/index378a.html]
[posttest-env.eba-wgz2p776.ap-northeast-2.elasticbeanstalk.com/accounts/facebook/login/index94cb.html]
[posttest-env.eba-wgz2p776.ap-northeast-2.elasticbeanstalk.com/accounts/google/login/index94cb.html]
[posttest-env.eba-wgz2p776.ap-northeast-2.elasticbeanstalk.com/accounts/twitter/login/index94cb.html]
[posttest-env.eba-wgz2p776.ap-northeast-2.elasticbeanstalk.com/accounts/naver/login/index94cb.html]
[posttest-env.eba-wgz2p776.ap-northeast-2.elasticbeanstalk.com/accounts/facebook/login/indexed8a.html]
[posttest-env.eba-wgz2p776.ap-northeast-2.elasticbeanstalk.com/accounts/google/login/indexed8a.html]
[posttest-env.eba-wgz2p776.ap-northeast-2.elasticbeanstalk.com/accounts/twitter/login/indexed8a.html]
[posttest-env.eba-wgz2p776.ap-northeast-2.elasticbeanstalk.com/accounts/naver/login/indexed8a.html]
[posttest-env.eba-wgz2p776.ap-northeast-2.elasticbeanstalk.com/accounts/facebook/login/indexf223.html]
[posttest-env.eba-wgz2p776.ap-northeast-2.elasticbeanstalk.com/accounts/google/login/indexf223.html]
[posttest-env.eba-wgz2p776.ap-northeast-2.elasticbeanstalk.com/accounts/twitter/login/indexf223.html]
[posttest-env.eba-wgz2p776.ap-northeast-2.elasticbeanstalk.com/accounts/naver/login/indexf223.html]
[posttest-env.eba-wgz2p776.ap-northeast-2.elasticbeanstalk.com/accounts/facebook/login/indexb6f4.html]
[posttest-env.eba-wgz2p776.ap-northeast-2.elasticbeanstalk.com/accounts/google/login/indexb6f4.html]
[posttest-env.eba-wgz2p776.ap-northeast-2.elasticbeanstalk.com/accounts/twitter/login/indexb6f4.html]
[posttest-env.eba-wgz2p776.ap-northeast-2.elasticbeanstalk.com/accounts/naver/login/indexb6f4.html]
[posttest-env.eba-wgz2p776.ap-northeast-2.elasticbeanstalk.com/accounts/facebook/login/indexe51b.html]
[posttest-env.eba-wgz2p776.ap-northeast-2.elasticbeanstalk.com/accounts/google/login/indexe51b.html]
[posttest-env.eba-wgz2p776.ap-northeast-2.elasticbeanstalk.com/accounts/twitter/login/indexe51b.html]
[posttest-env.eba-wgz2p776.ap-northeast-2.elasticbeanstalk.com/accounts/naver/login/indexe51b.html]
[posttest-env.eba-wgz2p776.ap-northeast-2.elasticbeanstalk.com/accounts/facebook/login/indexfdfd.html]
[posttest-env.eba-wgz2p776.ap-northeast-2.elasticbeanstalk.com/accounts/google/login/indexfdfd.html]
[posttest-env.eba-wgz2p776.ap-northeast-2.elasticbeanstalk.com/accounts/twitter/login/indexfdfd.html]
[posttest-env.eba-wgz2p776.ap-northeast-2.elasticbeanstalk.com/accounts/naver/login/indexfdfd.html]
[posttest-env.eba-wgz2p776.ap-northeast-2.elasticbeanstalk.com/accounts/facebook/login/index8e65.html]
[posttest-env.eba-wgz2p776.ap-northeast-2.elasticbeanstalk.com/accounts/google/login/index8e65.html]
[posttest-env.eba-wgz2p776.ap-northeast-2.elasticbeanstalk.com/accounts/twitter/login/index8e65.html]
[posttest-env.eba-wgz2p776.ap-northeast-2.elasticbeanstalk.com/accounts/naver/login/index8e65.html]
